================================================================================
PGE RATE ANALYSIS PIPELINE
Started: 2026-04-06 10:33:22
Mode: FULL
Starting stage: 6
================================================================================

Loaded existing bills from baseline_bills_pge_fresh.csv
Loaded existing rate scenarios from rate_scenarios_pge_fresh.csv

Loaded tech assignments from tech_assignments_pge.csv

================================================================================
STAGE 6: POST-ADOPTION BILLS
================================================================================
  Buildings with tech adoption: 5965
  Loaded EEC rates from eec_hourly_2025_wide.csv (pge_total)
  EV daily VMT: mean=24.7 mi, median=22.6 mi
  PGE buildings in metadata: 22722
  Built rate arrays for 6 designed scenarios
  Loaded E-TOU-C: baseline_credit=0.0957, has_fixed=True
  Loaded E-TOU-C-F: baseline_credit=0.0814, has_fixed=True
  CARE discount for designed scenarios: 35.00%
  Upgrade 11 data found in ./Upgrade11_PGE
  Battery dispatch: LP (scipy/HiGHS)
  500/5965 | 648s
  1000/5965 | 1294s
  1500/5965 | 1952s
  2000/5965 | 2586s
  2500/5965 | 3207s
  3000/5965 | 3819s
  3500/5965 | 4451s
  4000/5965 | 5012s
  4500/5965 | 5582s
  5000/5965 | 6162s
  5500/5965 | 6735s

  Processed 5965 buildings in 7307.8s
  PV sizing (90% offset target):
    Mean: 4.8 kW | Median: 4.2 kW
    Range: 2.0--12.0 kW
  Saved to: post_adoption_bills_pge.csv

================================================================================
STAGE 7: DISTRIBUTIONAL ANALYSIS
================================================================================

--- Revenue Neutrality Check (population-level) ---
  EIA/PGE filed residential revenue: $8.2400B
  Total residential customers: 5,047,461

  Sample size: 22150 buildings (each represents ~228 households)

  Rate                         Mean Bill    Pop Revenue vs E-TOU-C   vs Filed
  -----------------------------------------------------------------------
  Actual E-TOU-C            $     3,085 $     15.5694B        ---    +88.95%
  Actual E-TOU-C-F          $     2,880 $     14.5373B     -6.63%    +76.42%
  F0_WF0_ROE0               $     3,085 $     15.5689B     -0.00%    +88.94%
  F50_WF0_ROE0              $     2,983 $     15.0552B     -3.30%    +82.71%
  F100_WF0_ROE0             $     2,880 $     14.5384B     -6.62%    +76.44%
  F0_WF1_ROE0               $     2,189 $     11.0479B    -29.04%    +34.08%
  F0_WF0_ROE1.0             $     3,048 $     15.3859B     -1.18%    +86.72%
  F50_WF1_ROE1.0            $     2,050 $     10.3496B    -33.53%    +25.60%

--- Mean Annual Bill by CARE Status ---

  e_tou_c_bill:
        CARE: mean=$1,656  median=$1,425  (n=6081)
    non-CARE: mean=$3,625  median=$3,038  (n=16069)

  e_tou_c_f_bill:
        CARE: mean=$1,496  median=$1,298  (n=6081)
    non-CARE: mean=$3,404  median=$2,902  (n=16069)

  F0_WF0_ROE0_bill:
        CARE: mean=$1,673  median=$1,440  (n=6240)
    non-CARE: mean=$3,646  median=$3,056  (n=16482)

  F0_WF0_ROE1.0_bill:
        CARE: mean=$1,653  median=$1,423  (n=6240)
    non-CARE: mean=$3,603  median=$3,020  (n=16482)

  F0_WF1_ROE0_bill:
        CARE: mean=$1,177  median=$1,004  (n=6240)
    non-CARE: mean=$2,594  median=$2,158  (n=16482)

  F50_WF0_ROE0_bill:
        CARE: mean=$1,414  median=$1,244  (n=6240)
    non-CARE: mean=$3,599  median=$3,170  (n=16482)

  F50_WF1_ROE1.0_bill:
        CARE: mean=$898  median=$784  (n=6240)
    non-CARE: mean=$2,504  median=$2,236  (n=16482)

  F100_WF0_ROE0_bill:
        CARE: mean=$1,154  median=$1,041  (n=6240)
    non-CARE: mean=$3,551  median=$3,285  (n=16482)

--- Bill Change from e_tou_c_bill by CARE Status ---

  e_tou_c_f_bill vs e_tou_c_bill:
        CARE: mean=$-161  median=$-129  winners=5430/6081
    non-CARE: mean=$-221  median=$-136  winners=11302/16069

  F0_WF0_ROE0_bill vs e_tou_c_bill:
        CARE: mean=$-0  median=$-0  winners=6080/6081
    non-CARE: mean=$-0  median=$-0  winners=16066/16069

  F0_WF0_ROE1.0_bill vs e_tou_c_bill:
        CARE: mean=$-20  median=$-18  winners=6081/6081
    non-CARE: mean=$-43  median=$-36  winners=16067/16069

  F0_WF1_ROE0_bill vs e_tou_c_bill:
        CARE: mean=$-493  median=$-437  winners=6081/6081
    non-CARE: mean=$-1,048  median=$-896  winners=16067/16069

  F50_WF0_ROE0_bill vs e_tou_c_bill:
        CARE: mean=$-256  median=$-197  winners=4897/6081
    non-CARE: mean=$-44  median=$+117  winners=6839/16069

  F50_WF1_ROE1.0_bill vs e_tou_c_bill:
        CARE: mean=$-769  median=$-652  winners=5640/6081
    non-CARE: mean=$-1,135  median=$-816  winners=13033/16069

  F100_WF0_ROE0_bill vs e_tou_c_bill:
        CARE: mean=$-512  median=$-395  winners=4897/6081
    non-CARE: mean=$-88  median=$+233  winners=6840/16069

--- Tech Adoption Bill Impact by Scenario ---

  S1: EV only (n=2691):
    F0_WF0_ROE0              : mean savings $-1,207/yr  median $-1,068/yr
    F0_WF0_ROE1.0            : mean savings $-1,194/yr  median $-1,056/yr
    F0_WF1_ROE0              : mean savings $-881/yr  median $-782/yr
    F50_WF0_ROE0             : mean savings $-863/yr  median $-766/yr
    F50_WF1_ROE1.0           : mean savings $-524/yr  median $-466/yr
    F100_WF0_ROE0            : mean savings $-519/yr  median $-462/yr
    e_tou_c                  : mean savings $-1,206/yr  median $-1,068/yr
    e_tou_c_f                : mean savings $-1,026/yr  median $-908/yr
           low (n=683): mean savings $-813/yr
        medium (n=837): mean savings $-1,324/yr
          high (n=1116): mean savings $-1,359/yr

  S2: PV + storage (n=3813):
    F0_WF0_ROE0              : mean savings $+3,015/yr  median $+2,906/yr
    F0_WF0_ROE1.0            : mean savings $+2,987/yr  median $+2,878/yr
    F0_WF1_ROE0              : mean savings $+2,283/yr  median $+2,077/yr
    F50_WF0_ROE0             : mean savings $+2,240/yr  median $+2,030/yr
    F50_WF1_ROE1.0           : mean savings $+1,357/yr  median $+1,135/yr
    F100_WF0_ROE0            : mean savings $+1,344/yr  median $+1,122/yr
    e_tou_c                  : mean savings $+2,997/yr  median $+2,882/yr
    e_tou_c_f                : mean savings $+2,647/yr  median $+2,512/yr
           low (n=1004): mean savings $+1,843/yr
        medium (n=1186): mean savings $+2,974/yr
          high (n=1521): mean savings $+3,777/yr

  S3: PV + storage + EV (n=539):
    F0_WF0_ROE0              : mean savings $+2,139/yr  median $+1,948/yr
    F0_WF0_ROE1.0            : mean savings $+2,126/yr  median $+1,937/yr
    F0_WF1_ROE0              : mean savings $+1,805/yr  median $+1,650/yr
    F50_WF0_ROE0             : mean savings $+1,784/yr  median $+1,637/yr
    F50_WF1_ROE1.0           : mean savings $+1,266/yr  median $+1,075/yr
    F100_WF0_ROE0            : mean savings $+1,256/yr  median $+1,065/yr
    e_tou_c                  : mean savings $+2,142/yr  median $+1,958/yr
    e_tou_c_f                : mean savings $+1,985/yr  median $+1,826/yr
           low (n=140): mean savings $+1,569/yr
        medium (n=154): mean savings $+2,065/yr
          high (n=235): mean savings $+2,533/yr

  PV System Sizing by Scenario:
    s2: mean=4.8 kW  median=4.2 kW  range=[2.0, 12.0]
    s3: mean=4.8 kW  median=4.2 kW  range=[2.0, 12.0]

  Summary saved to: pipeline_summary_pge.csv

================================================================================
PIPELINE COMPLETE
Total time: 7328.5s (122.1 min)
Finished: 2026-04-06 12:35:30
================================================================================
